// Vitest Snapshot v1

exports[`ComposeTweetButton > 正しく表示されること 1`] = `
<DocumentFragment>
  <button
    aria-label="ツイートする"
    class="fixed bottom-10 right-10"
    type="button"
  >
    <svg
      aria-hidden="true"
      class="h-20 w-20 text-blue-400 transition-colors hover:text-blue-400/90"
      fill="currentColor"
      viewBox="0 0 24 24"
      xmlns="http://www.w3.org/2000/svg"
    >
      <path
        clip-rule="evenodd"
        d="M12 2.25c-5.385 0-9.75 4.365-9.75 9.75s4.365 9.75 9.75 9.75 9.75-4.365 9.75-9.75S17.385 2.25 12 2.25zM12.75 9a.75.75 0 00-1.5 0v2.25H9a.75.75 0 000 1.5h2.25V15a.75.75 0 001.5 0v-2.25H15a.75.75 0 000-1.5h-2.25V9z"
        fill-rule="evenodd"
      />
    </svg>
  </button>
</DocumentFragment>
`;
