// Vitest Snapshot v1

exports[`ComposeTweetModal > 正しく表示されること 1`] = `
HTMLCollection [
  <div
    class="fixed inset-0 bg-gray-500 bg-opacity-75 transition-opacity"
  />,
  <div
    class="fixed inset-0 z-10 overflow-y-auto"
  >
    <div
      class="flex min-h-full items-end justify-center p-4 text-center sm:items-center sm:p-0"
    >
      <div
        class="relative transform overflow-hidden rounded-lg bg-gray-50 text-left shadow-xl transition-all sm:my-8 sm:w-full sm:max-w-lg"
        data-headlessui-state="open"
        id="headlessui-dialog-panel-:r1:"
      >
        <div
          class="px-4 pt-5 pb-4 sm:p-6 sm:pb-4"
        >
          <textarea
            class="w-full p-3 text-lg"
            rows="10"
          />
        </div>
        <div
          class="bg-gray-50 px-4 py-3 sm:flex sm:justify-end sm:px-6"
        >
          <button
            class="mt-3 inline-flex w-full justify-center rounded-md border border-gray-300 bg-white px-4 py-2 text-base font-medium text-gray-700 shadow-sm hover:bg-gray-50 focus:outline-none focus:ring-2 focus:ring-indigo-500 focus:ring-offset-2 sm:mt-0 sm:ml-3 sm:w-auto sm:text-sm"
            type="button"
          >
            キャンセル
          </button>
          <button
            class="inline-flex w-full justify-center rounded-md border border-transparent bg-blue-600 px-4 py-2 text-base font-medium text-white shadow-sm hover:bg-blue-700 focus:outline-none focus:ring-2 focus:ring-blue-500 focus:ring-offset-2 sm:ml-3 sm:w-auto sm:text-sm"
            type="button"
          >
            ツイート
          </button>
        </div>
      </div>
    </div>
  </div>,
]
`;
